webkit 393 passed
webkit 430 passed
/workspace/project-dollers/qa/team-details/hosted-webkit/provider-refresh-phones/results.json
webkit 1440 passed
/workspace/project-dollers/qa/team-details/hosted-webkit/provider-refresh-desktop/results.json
Hosted webkit 393 home-nfl
Hosted webkit 393 home-nba
Hosted webkit 393 home-nrl
Hosted webkit 393 home-ufc
Hosted webkit 393 home-motion
Hosted webkit 393 team-captured
Hosted webkit 393 venue-destination
Hosted webkit 393 team-motion
Hosted webkit 430 home-nfl
Hosted webkit 430 home-nba
Hosted webkit 430 home-nrl
Hosted webkit 430 home-ufc
Hosted webkit 430 home-motion
Hosted webkit 430 team-captured
Hosted webkit 430 venue-destination
Hosted webkit 430 team-motion
Hosted webkit 1440 home-nfl
Hosted webkit 1440 home-nba
Hosted webkit 1440 home-nrl
Hosted webkit 1440 home-ufc
Hosted webkit 1440 home-motion
Hosted webkit 1440 team-captured
Hosted webkit 1440 venue-destination
Hosted webkit 1440 team-motion
/workspace/project-dollers/qa/team-details/hosted-webkit/results.json
