AVAILABILITY chromium 393 GB 2026_06_DAL_GB currentTeamBulletin
AVAILABILITY chromium 393 GB 2026_05_CHI_GB players
AVAILABILITY chromium 393 HOU 2026_05_HOU_TEN players
AVAILABILITY chromium 393 LA 2026_05_BUF_LA players
AVAILABILITY chromium 393 LAC 2026_06_LAC_KC currentTeamBulletin
AVAILABILITY chromium 393 LAC 2026_05_DEN_LAC players
AVAILABILITY chromium 393 MIN 2026_05_MIN_NO players
AVAILABILITY chromium 393 NO 2026_05_MIN_NO players
AVAILABILITY chromium 393 NYG 2026_05_NYG_WAS players
AVAILABILITY chromium 393 PHI 2026_06_CAR_PHI currentTeamBulletin
AVAILABILITY chromium 393 PHI 2026_05_PHI_JAX players
AVAILABILITY chromium 393 SEA 2026_05_SF_SEA players
AVAILABILITY chromium 430 GB 2026_06_DAL_GB currentTeamBulletin
AVAILABILITY chromium 430 GB 2026_05_CHI_GB players
AVAILABILITY chromium 430 HOU 2026_05_HOU_TEN players
AVAILABILITY chromium 430 LA 2026_05_BUF_LA players
AVAILABILITY chromium 430 LAC 2026_06_LAC_KC currentTeamBulletin
AVAILABILITY chromium 430 LAC 2026_05_DEN_LAC players
AVAILABILITY chromium 430 MIN 2026_05_MIN_NO players
AVAILABILITY chromium 430 NO 2026_05_MIN_NO players
AVAILABILITY chromium 430 NYG 2026_05_NYG_WAS players
AVAILABILITY chromium 430 PHI 2026_06_CAR_PHI currentTeamBulletin
AVAILABILITY chromium 430 PHI 2026_05_PHI_JAX players
AVAILABILITY chromium 430 SEA 2026_05_SF_SEA players
{"status":"passed","engine":"chromium","report":"/workspace/project-dollers/qa/matchup-breakdown/current-availability-chromium-v1/results.json","sha256":"a1b50bed0dd4e604294ad2e18e03b92cd3effee59d2c755b7a293b17cbcd59df","completedAt":"2026-10-09T02:28:04.827Z"}
