PROGRESS chromium 393 home-captured
FAILED chromium 393x852 Visible matchup table text and values are not clipped
+ actual - expected

+ [
+   {
+     client: 10,
+     scroll: 12,
+     text: ''
+   },
+   {
+     client: 10,
+     scroll: 12,
+     text: ''
+   },
+   {
+     client: 10,
+     scroll: 12,
+     text: ''
+   },
+   {
+     client: 10,
+     scroll: 12,
+     text: ''
+   },
+   {
+     client: 10,
+     scroll: 12,
+     text: ''
+   },
+   {
+     client: 10,
+     scroll: 12,
+     text: ''
+   },
+   {
+     client: 10,
+     scroll: 12,
+     text: ''
+   },
+   {
+     client: 10,
+     scroll: 12,
+     text: ''
+   },
+   {
+     client: 10,
+     scroll: 12,
+     text: ''
+   },
+   {
+     client: 10,
+     scroll: 12,
+     text: ''
+   },
+   {
+     client: 10,
+     scroll: 12,
+     text: ''
+   },
+   {
+     client: 10,
+     scroll: 12,
+     text: ''
+   },
+   {
+     client: 10,
+     scroll: 12,
+     text: ''
+   },
+   {
+     client: 10,
+     scroll: 12,
+     text: ''
+   },
+   {
+     client: 10,
+     scroll: 12,
+     text: ''
+   },
+   {
+     client: 10,
+     scroll: 12,
+     text: ''
+   },
+   {
+     client: 10,
+     scroll: 12,
+     text: ''
+   },
+   {
+     client: 10,
+     scroll: 12,
+     text: ''
+   },
+   {
+     client: 10,
+     scroll: 12,
+     text: ''
+   },
+   {
+     client: 10,
+     scroll: 12,
+     text: ''
+   }
+ ]
- []

PROGRESS chromium 430 home-captured
FAILED chromium 430x896 Visible matchup table text and values are not clipped
+ actual - expected

+ [
+   {
+     client: 10,
+     scroll: 12,
+     text: ''
+   },
+   {
+     client: 10,
+     scroll: 12,
+     text: ''
+   },
+   {
+     client: 10,
+     scroll: 12,
+     text: ''
+   },
+   {
+     client: 10,
+     scroll: 12,
+     text: ''
+   },
+   {
+     client: 10,
+     scroll: 12,
+     text: ''
+   },
+   {
+     client: 10,
+     scroll: 12,
+     text: ''
+   },
+   {
+     client: 10,
+     scroll: 12,
+     text: ''
+   },
+   {
+     client: 10,
+     scroll: 12,
+     text: ''
+   },
+   {
+     client: 10,
+     scroll: 12,
+     text: ''
+   },
+   {
+     client: 10,
+     scroll: 12,
+     text: ''
+   },
+   {
+     client: 10,
+     scroll: 12,
+     text: ''
+   },
+   {
+     client: 10,
+     scroll: 12,
+     text: ''
+   },
+   {
+     client: 10,
+     scroll: 12,
+     text: ''
+   },
+   {
+     client: 10,
+     scroll: 12,
+     text: ''
+   },
+   {
+     client: 10,
+     scroll: 12,
+     text: ''
+   },
+   {
+     client: 10,
+     scroll: 12,
+     text: ''
+   },
+   {
+     client: 10,
+     scroll: 12,
+     text: ''
+   },
+   {
+     client: 10,
+     scroll: 12,
+     text: ''
+   },
+   {
+     client: 10,
+     scroll: 12,
+     text: ''
+   },
+   {
+     client: 10,
+     scroll: 12,
+     text: ''
+   }
+ ]
- []

Immutable evidence /workspace/project-dollers/qa/matchup-breakdown/iteration-2-chromium/results.json
