
> project-dollers@1.0.0 data:check
> python3 scripts/refresh-data.py --check

{
  "status": "passed",
  "teamCount": 32,
  "rosterCount": 79,
  "activeRosterCount": 53,
  "season": 2026,
  "currentWeek": 5,
  "throughWeek": 5,
  "featured": [
    "Aaron Rodgers",
    "Jaylen Warren",
    "DK Metcalf",
    "Michael Pittman",
    "Pat Freiermuth"
  ],
  "disagreements": [
    {
      "playerId": "00-0035239",
      "name": "Sean Murphy-Bunting",
      "field": "jersey",
      "primary": "26",
      "official": 27,
      "espn": null,
      "note": "Verified current official jersey differs from the primary release; a missing ESPN jersey is unavailable, not a contradictory number.",
      "sourceIds": [
        "official_steelers_roster",
        "espn_steelers_roster"
      ],
      "checkedAt": "2026-10-10T07:04:39Z",
      "retained": false,
      "action": "Primary record preserved; source conflict explicitly flagged for current-roster presentation."
    },
    {
      "playerId": "00-0038395",
      "name": "Terell Smith",
      "field": "jersey",
      "primary": "36",
      "official": 39,
      "espn": null,
      "note": "Verified current official jersey differs from the primary release; a missing ESPN jersey is unavailable, not a contradictory number.",
      "sourceIds": [
        "official_steelers_roster",
        "espn_steelers_roster"
      ],
      "checkedAt": "2026-10-10T07:04:39Z",
      "retained": false,
      "action": "Primary record preserved; source conflict explicitly flagged for current-roster presentation."
    },
    {
      "playerId": "00-0039883",
      "name": "Daequan Hardy",
      "field": "membership",
      "primary": "PIT",
      "official": "No matched entry in complete current roster",
      "espn": "PIT",
      "note": "Current official and primary retained-roster membership differ; raw primary record and statistics remain preserved.",
      "sourceIds": [
        "official_steelers_roster",
        "espn_steelers_roster"
      ],
      "checkedAt": "2026-10-10T07:04:39Z",
      "retained": false,
      "action": "Primary record preserved; source conflict explicitly flagged for current-roster presentation."
    },
    {
      "playerId": "00-0039626",
      "name": "Cole Burgess",
      "field": "membership",
      "primary": "PIT",
      "official": "No matched entry in complete current roster",
      "espn": "PIT",
      "note": "Current official and primary retained-roster membership differ; raw primary record and statistics remain preserved.",
      "sourceIds": [
        "official_steelers_roster",
        "espn_steelers_roster"
      ],
      "checkedAt": "2026-10-10T07:04:39Z",
      "retained": false,
      "action": "Primary record preserved; source conflict explicitly flagged for current-roster presentation."
    },
    {
      "playerId": "00-0038388",
      "name": "Darius Rush",
      "field": "jersey",
      "primary": "36",
      "official": 38,
      "espn": null,
      "note": "Verified current official jersey differs from the primary release; a missing ESPN jersey is unavailable, not a contradictory number.",
      "sourceIds": [
        "official_steelers_roster",
        "espn_steelers_roster"
      ],
      "checkedAt": "2026-10-10T07:04:39Z",
      "retained": false,
      "action": "Primary record preserved; source conflict explicitly flagged for current-roster presentation."
    },
    {
      "playerId": "00-0038581",
      "name": "KJ Henry",
      "field": "position",
      "primary": "DL",
      "official": "LB",
      "espn": "LB",
      "note": "Providers report different position families; broad DB/CB, DL/DT, OL/C, RB/FB and K/PK labels alone are not conflicts.",
      "sourceIds": [
        "official_steelers_roster",
        "espn_steelers_roster"
      ],
      "checkedAt": "2026-10-10T07:04:39Z",
      "retained": false,
      "action": "Primary record preserved; source conflict explicitly flagged for current-roster presentation."
    },
    {
      "playerId": "00-0039054",
      "name": "Marte Mapu",
      "field": "jersey",
      "primary": "14",
      "official": 48,
      "espn": null,
      "note": "Verified current official jersey differs from the primary release; a missing ESPN jersey is unavailable, not a contradictory number.",
      "sourceIds": [
        "official_steelers_roster",
        "espn_steelers_roster"
      ],
      "checkedAt": "2026-10-10T07:04:39Z",
      "retained": false,
      "action": "Primary record preserved; source conflict explicitly flagged for current-roster presentation."
    },
    {
      "playerId": "00-0037382",
      "name": "Brandon Johnson",
      "field": "jersey",
      "primary": "82",
      "official": 89,
      "espn": null,
      "note": "Verified current official jersey differs from the primary release; a missing ESPN jersey is unavailable, not a contradictory number.",
      "sourceIds": [
        "official_steelers_roster",
        "espn_steelers_roster"
      ],
      "checkedAt": "2026-10-10T07:04:39Z",
      "retained": false,
      "action": "Primary record preserved; source conflict explicitly flagged for current-roster presentation."
    },
    {
      "playerId": "00-0036165",
      "name": "Isaiah Hodgins",
      "field": "jersey",
      "primary": "89",
      "official": 82,
      "espn": null,
      "note": "Verified current official jersey differs from the primary release; a missing ESPN jersey is unavailable, not a contradictory number.",
      "sourceIds": [
        "official_steelers_roster",
        "espn_steelers_roster"
      ],
      "checkedAt": "2026-10-10T07:04:39Z",
      "retained": false,
      "action": "Primary record preserved; source conflict explicitly flagged for current-roster presentation."
    },
    {
      "playerId": "00-0040618",
      "name": "Max Hurleman",
      "field": "position",
      "primary": "WR",
      "official": "WR",
      "espn": "RB",
      "note": "Providers report different position families; broad DB/CB, DL/DT, OL/C, RB/FB and K/PK labels alone are not conflicts.",
      "sourceIds": [
        "official_steelers_roster",
        "espn_steelers_roster"
      ],
      "checkedAt": "2026-10-10T07:04:39Z",
      "retained": false,
      "action": "Primary record preserved; source conflict explicitly flagged for current-roster presentation."
    }
  ],
  "provenanceHash": "passed",
  "playerHistory": {
    "status": "passed",
    "playerCount": 79,
    "gameRowCount": 1272,
    "coverage": {
      "firstSeason": 2005,
      "lastSeason": 2026,
      "availableSeasons": [
        2005,
        2006,
        2007,
        2008,
        2009,
        2010,
        2011,
        2012,
        2013,
        2014,
        2015,
        2016,
        2017,
        2018,
        2019,
        2020,
        2021,
        2022,
        2023,
        2024,
        2025,
        2026
      ],
      "unavailableSeasons": [],
      "status": "verified",
      "cachedRowsNeedingBackfill": 0
    }
  }
}
npm notice
npm notice New major version of npm available! 11.9.0 -> 12.2.0
npm notice Changelog: https://github.com/npm/cli/releases/tag/v12.2.0
npm notice To update run: npm install -g npm@12.2.0
npm notice
