PROGRESS chromium 393 home-captured
PROGRESS chromium 393 original-normal-and-full-content-captures-complete
PROGRESS chromium 393 all-three-tab-original-captures-complete
PROGRESS chromium 393 controls-initial-source-values
PROGRESS chromium 393 controls-input-20
PROGRESS chromium 393 controls-filters-window-3
PROGRESS chromium 393 controls-input-40
PROGRESS chromium 393 controls-filters-window-5
PROGRESS chromium 393 controls-input-80
PROGRESS chromium 393 controls-filters-window-10
FAILED chromium 393x852 Action opens its relevant titled destination
PROGRESS chromium 430 home-captured
PROGRESS chromium 430 original-normal-and-full-content-captures-complete
PROGRESS chromium 430 all-three-tab-original-captures-complete
PROGRESS chromium 430 controls-initial-source-values
PROGRESS chromium 430 controls-input-20
PROGRESS chromium 430 controls-filters-window-3
PROGRESS chromium 430 controls-input-40
PROGRESS chromium 430 controls-filters-window-5
PROGRESS chromium 430 controls-input-80
PROGRESS chromium 430 controls-filters-window-10
FAILED chromium 430x896 Action opens its relevant titled destination
PROGRESS chromium 768 home-captured
PROGRESS chromium 768 original-normal-and-full-content-captures-complete
PROGRESS chromium 768 all-three-tab-original-captures-complete
PROGRESS chromium 768 controls-initial-source-values
PROGRESS chromium 768 controls-input-20
PROGRESS chromium 768 controls-filters-window-3
PROGRESS chromium 768 controls-input-40
PROGRESS chromium 768 controls-filters-window-5
PROGRESS chromium 768 controls-input-80
PROGRESS chromium 768 controls-filters-window-10
FAILED chromium 768x1024 Action opens its relevant titled destination
PROGRESS chromium 1440 home-captured
PROGRESS chromium 1440 original-normal-and-full-content-captures-complete
PROGRESS chromium 1440 all-three-tab-original-captures-complete
PROGRESS chromium 1440 controls-initial-source-values
PROGRESS chromium 1440 controls-input-20
PROGRESS chromium 1440 controls-filters-window-3
PROGRESS chromium 1440 controls-input-40
PROGRESS chromium 1440 controls-filters-window-5
PROGRESS chromium 1440 controls-input-80
PROGRESS chromium 1440 controls-filters-window-10
FAILED chromium 1440x1000 Action opens its relevant titled destination
Immutable evidence /workspace/project-dollers/qa/matchup-breakdown/local-chromium-final-v2/results.json
