PROGRESS webkit 393 home-captured
PROGRESS webkit 393 original-normal-and-full-content-captures-complete
PROGRESS webkit 393 all-three-tab-original-captures-complete
PROGRESS webkit 393 controls-initial-source-values
PROGRESS webkit 393 controls-input-20
PROGRESS webkit 393 controls-filters-window-3
PROGRESS webkit 393 controls-input-40
PROGRESS webkit 393 controls-filters-window-5
PROGRESS webkit 393 controls-input-80
PROGRESS webkit 393 controls-filters-window-10
PROGRESS webkit 393 controls-input-100
PROGRESS webkit 393 controls-input-120
PROGRESS webkit 393 controls-input-140
PROGRESS webkit 393 controls-input-160
PROGRESS webkit 393 controls-input-180
PROGRESS webkit 393 controls-input-200
PROGRESS webkit 393 controls-input-220
PROGRESS webkit 393 controls-input-240
PROGRESS webkit 393 controls-input-260
PROGRESS webkit 393 controls-input-280
PROGRESS webkit 393 controls-input-300
PROGRESS webkit 393 controls-input-320
PROGRESS webkit 393 controls-input-340
PROGRESS webkit 393 controls-input-360
PROGRESS webkit 393 controls-input-380
PROGRESS webkit 393 controls-input-400
PROGRESS webkit 393 controls-input-420
PROGRESS webkit 393 controls-input-440
PROGRESS webkit 393 controls-input-460
PROGRESS webkit 393 controls-input-480
PROGRESS webkit 393 controls-input-500
PROGRESS webkit 393 controls-input-520
PROGRESS webkit 393 controls-input-540
PROGRESS webkit 393 controls-all-initial-leader-player-and-receiver-controls
PROGRESS webkit 393 controls-input-560
PROGRESS webkit 393 controls-all-quarterback-context-and-detail-controls
PROGRESS webkit 393 controls-input-580
PROGRESS webkit 393 controls-input-600
PROGRESS webkit 393 controls-input-620
PROGRESS webkit 393 controls-input-640
PROGRESS webkit 393 controls-input-660
PROGRESS webkit 393 controls-all-form-lineup-depth-schedule-report-controls
PROGRESS webkit 393 controls-actual-manual-http-refresh-and-unchanged-state
PROGRESS webkit 393 controls-input-680
PROGRESS webkit 393 all-native-controls-complete
PROGRESS webkit 393 isolated-update-recovery-complete
PROGRESS webkit 393 native-motion-complete
PROGRESS webkit 393 protected-shared-routes-complete
PROGRESS webkit 393 all-32-team-route-smoke-complete
PROGRESS webkit 393 scenario-complete
PASSED webkit 393x852
PROGRESS webkit 430 home-captured
PROGRESS webkit 430 original-normal-and-full-content-captures-complete
PROGRESS webkit 430 all-three-tab-original-captures-complete
PROGRESS webkit 430 controls-initial-source-values
PROGRESS webkit 430 controls-input-20
PROGRESS webkit 430 controls-filters-window-3
PROGRESS webkit 430 controls-input-40
PROGRESS webkit 430 controls-filters-window-5
PROGRESS webkit 430 controls-input-80
PROGRESS webkit 430 controls-filters-window-10
PROGRESS webkit 430 controls-input-100
PROGRESS webkit 430 controls-input-120
PROGRESS webkit 430 controls-input-140
PROGRESS webkit 430 controls-input-160
PROGRESS webkit 430 controls-input-180
PROGRESS webkit 430 controls-input-200
PROGRESS webkit 430 controls-input-220
PROGRESS webkit 430 controls-input-240
PROGRESS webkit 430 controls-input-260
PROGRESS webkit 430 controls-input-280
PROGRESS webkit 430 controls-input-300
PROGRESS webkit 430 controls-input-320
PROGRESS webkit 430 controls-input-340
PROGRESS webkit 430 controls-input-360
PROGRESS webkit 430 controls-input-380
PROGRESS webkit 430 controls-input-400
PROGRESS webkit 430 controls-input-420
PROGRESS webkit 430 controls-input-440
PROGRESS webkit 430 controls-input-460
PROGRESS webkit 430 controls-input-480
PROGRESS webkit 430 controls-input-500
PROGRESS webkit 430 controls-input-520
PROGRESS webkit 430 controls-input-540
PROGRESS webkit 430 controls-all-initial-leader-player-and-receiver-controls
PROGRESS webkit 430 controls-input-560
PROGRESS webkit 430 controls-all-quarterback-context-and-detail-controls
PROGRESS webkit 430 controls-input-580
PROGRESS webkit 430 controls-input-600
PROGRESS webkit 430 controls-input-620
PROGRESS webkit 430 controls-input-640
PROGRESS webkit 430 controls-input-660
PROGRESS webkit 430 controls-all-form-lineup-depth-schedule-report-controls
PROGRESS webkit 430 controls-actual-manual-http-refresh-and-unchanged-state
PROGRESS webkit 430 controls-input-680
PROGRESS webkit 430 all-native-controls-complete
PROGRESS webkit 430 isolated-update-recovery-complete
PROGRESS webkit 430 native-motion-complete
PROGRESS webkit 430 protected-shared-routes-complete
PROGRESS webkit 430 scenario-complete
PASSED webkit 430x896
Immutable evidence /workspace/project-dollers/qa/matchup-breakdown/local-webkit-final-v2/results.json
