Preparation only: refusal fixtures passed; no publication acceptance was attempted.
test_capture_only_cannot_count_as_native_functional_pass (__main__.self_test.<locals>.RefusalFixtures.test_capture_only_cannot_count_as_native_functional_pass) ... ok
test_desktop_smoke_cannot_replace_both_phone_cases (__main__.self_test.<locals>.RefusalFixtures.test_desktop_smoke_cannot_replace_both_phone_cases) ... ok
test_duplicate_reviewers_are_rejected (__main__.self_test.<locals>.RefusalFixtures.test_duplicate_reviewers_are_rejected) ... ok
test_factual_change_is_rejected_as_metadata (__main__.self_test.<locals>.RefusalFixtures.test_factual_change_is_rejected_as_metadata) ... ok
test_hosted_desktop_fixture_has_separate_scope (__main__.self_test.<locals>.RefusalFixtures.test_hosted_desktop_fixture_has_separate_scope) ... ok
test_incomplete_pages_jobs_cannot_pass (__main__.self_test.<locals>.RefusalFixtures.test_incomplete_pages_jobs_cannot_pass) ... ok
test_incomplete_phone_run_is_rejected (__main__.self_test.<locals>.RefusalFixtures.test_incomplete_phone_run_is_rejected) ... ok
test_local_desktop_smoke_cannot_count_as_hosted (__main__.self_test.<locals>.RefusalFixtures.test_local_desktop_smoke_cannot_count_as_hosted) ... ok
test_measured_stopped_clocks_are_distinct_from_dom_label (__main__.self_test.<locals>.RefusalFixtures.test_measured_stopped_clocks_are_distinct_from_dom_label) ... ok
test_missing_data_scope_is_rejected (__main__.self_test.<locals>.RefusalFixtures.test_missing_data_scope_is_rejected) ... ok
test_old_accepted_review_cannot_authorize_another_candidate (__main__.self_test.<locals>.RefusalFixtures.test_old_accepted_review_cannot_authorize_another_candidate) ... ok
test_one_receipt_cannot_count_as_six_independent_reviews (__main__.self_test.<locals>.RefusalFixtures.test_one_receipt_cannot_count_as_six_independent_reviews) ... ok
test_provider_response_substitution_is_rejected (__main__.self_test.<locals>.RefusalFixtures.test_provider_response_substitution_is_rejected) ... ok
test_qualified_targeted_fixture_has_expected_schema (__main__.self_test.<locals>.RefusalFixtures.test_qualified_targeted_fixture_has_expected_schema) ... ok
test_reduced_dom_label_cannot_hide_running_or_missing_clocks (__main__.self_test.<locals>.RefusalFixtures.test_reduced_dom_label_cannot_hide_running_or_missing_clocks) ... ok
test_retained_source_difference_cannot_disappear (__main__.self_test.<locals>.RefusalFixtures.test_retained_source_difference_cannot_disappear) ... ok
test_shape_or_type_change_is_rejected (__main__.self_test.<locals>.RefusalFixtures.test_shape_or_type_change_is_rejected) ... ok
test_tls_bypass_is_rejected (__main__.self_test.<locals>.RefusalFixtures.test_tls_bypass_is_rejected) ... ok
test_unchanged_refresh_dom_replacement_is_rejected (__main__.self_test.<locals>.RefusalFixtures.test_unchanged_refresh_dom_replacement_is_rejected) ... ok
test_unsafe_evidence_path_is_rejected (__main__.self_test.<locals>.RefusalFixtures.test_unsafe_evidence_path_is_rejected) ... ok

----------------------------------------------------------------------
Ran 20 tests in 0.004s

OK
