CHECK controls chromium 393
PROGRESS chromium 393 filter-case-1
PROGRESS chromium 393 filter-case-2
PROGRESS chromium 393 filter-case-3
PROGRESS chromium 393 filter-case-4
PROGRESS chromium 393 native-input-25
PROGRESS chromium 393 filter-case-5
PROGRESS chromium 393 filter-case-6
PROGRESS chromium 393 filter-case-7
PROGRESS chromium 393 filter-case-8
PROGRESS chromium 393 filter-case-9
PROGRESS chromium 393 native-input-50
PROGRESS chromium 393 filter-case-10
PROGRESS chromium 393 filter-case-11
PROGRESS chromium 393 filter-case-12
PROGRESS chromium 393 filter-case-13
PROGRESS chromium 393 filter-case-14
PROGRESS chromium 393 native-input-75
PROGRESS chromium 393 filter-case-15
PROGRESS chromium 393 filter-case-16
PROGRESS chromium 393 filter-case-17
PROGRESS chromium 393 filter-case-18
PROGRESS chromium 393 filter-case-19
PROGRESS chromium 393 native-input-100
PROGRESS chromium 393 filter-case-20
PROGRESS chromium 393 filter-case-21
PROGRESS chromium 393 filter-case-22
PROGRESS chromium 393 filter-case-23
PROGRESS chromium 393 filter-case-24
PROGRESS chromium 393 native-input-125
PROGRESS chromium 393 game-report-1
PROGRESS chromium 393 game-report-2
PROGRESS chromium 393 game-report-3
PROGRESS chromium 393 game-report-4
PROGRESS chromium 393 game-report-5
PROGRESS chromium 393 native-input-150
PROGRESS chromium 393 game-report-6
PROGRESS chromium 393 game-report-7
PROGRESS chromium 393 game-report-8
PROGRESS chromium 393 game-report-9
PROGRESS chromium 393 game-report-10
PROGRESS chromium 393 native-input-175
PROGRESS chromium 393 game-report-11
PROGRESS chromium 393 game-report-12
PROGRESS chromium 393 game-report-13
PROGRESS chromium 393 game-report-14
PROGRESS chromium 393 game-report-15
PROGRESS chromium 393 native-input-200
PROGRESS chromium 393 game-report-16
PROGRESS chromium 393 game-report-17
PROGRESS chromium 393 game-report-18
PROGRESS chromium 393 game-report-19
PROGRESS chromium 393 game-report-20
PROGRESS chromium 393 native-input-225
PROGRESS chromium 393 schedule-event-1
PROGRESS chromium 393 schedule-event-2
PROGRESS chromium 393 schedule-event-3
PROGRESS chromium 393 schedule-event-4
PROGRESS chromium 393 schedule-event-5
PROGRESS chromium 393 schedule-event-6
PROGRESS chromium 393 native-input-250
PROGRESS chromium 393 schedule-event-7
PROGRESS chromium 393 schedule-event-8
PROGRESS chromium 393 schedule-event-9
PROGRESS chromium 393 schedule-event-10
PROGRESS chromium 393 schedule-event-11
PROGRESS chromium 393 schedule-event-12
PROGRESS chromium 393 schedule-event-13
PROGRESS chromium 393 schedule-event-14
PROGRESS chromium 393 schedule-event-15
PROGRESS chromium 393 native-input-275
PROGRESS chromium 393 schedule-event-16
PROGRESS chromium 393 schedule-event-17
PROGRESS chromium 393 player-disclosures-10
PROGRESS chromium 393 player-disclosures-20
PROGRESS chromium 393 player-disclosures-30
PROGRESS chromium 393 player-disclosures-40
PROGRESS chromium 393 player-disclosures-50
PROGRESS chromium 393 player-disclosures-60
PROGRESS chromium 393 player-disclosures-70
PROGRESS chromium 393 player-disclosures-80
PROGRESS chromium 393 player-disclosures-83
PROGRESS chromium 393 native-input-300
PROGRESS chromium 393 all-interactions-completed
PROGRESS chromium 393 controls-complete
CHECK controls passed chromium 393
CHECK motion chromium 393
CHECK motion passed chromium 393
CHECK all-team routes chromium
CHECK all-team routes passed chromium
PASSED chromium 393x852
CHECK controls chromium 430
PROGRESS chromium 430 filter-case-1
PROGRESS chromium 430 filter-case-2
PROGRESS chromium 430 filter-case-3
PROGRESS chromium 430 filter-case-4
PROGRESS chromium 430 native-input-25
PROGRESS chromium 430 filter-case-5
PROGRESS chromium 430 filter-case-6
PROGRESS chromium 430 filter-case-7
PROGRESS chromium 430 filter-case-8
PROGRESS chromium 430 filter-case-9
PROGRESS chromium 430 native-input-50
PROGRESS chromium 430 filter-case-10
PROGRESS chromium 430 filter-case-11
PROGRESS chromium 430 filter-case-12
PROGRESS chromium 430 filter-case-13
PROGRESS chromium 430 filter-case-14
PROGRESS chromium 430 native-input-75
PROGRESS chromium 430 filter-case-15
PROGRESS chromium 430 filter-case-16
PROGRESS chromium 430 filter-case-17
PROGRESS chromium 430 filter-case-18
PROGRESS chromium 430 filter-case-19
PROGRESS chromium 430 native-input-100
PROGRESS chromium 430 filter-case-20
PROGRESS chromium 430 filter-case-21
PROGRESS chromium 430 filter-case-22
PROGRESS chromium 430 filter-case-23
PROGRESS chromium 430 filter-case-24
PROGRESS chromium 430 native-input-125
PROGRESS chromium 430 game-report-1
PROGRESS chromium 430 game-report-2
PROGRESS chromium 430 game-report-3
PROGRESS chromium 430 game-report-4
PROGRESS chromium 430 game-report-5
PROGRESS chromium 430 native-input-150
PROGRESS chromium 430 game-report-6
PROGRESS chromium 430 game-report-7
PROGRESS chromium 430 game-report-8
PROGRESS chromium 430 game-report-9
PROGRESS chromium 430 game-report-10
PROGRESS chromium 430 native-input-175
PROGRESS chromium 430 game-report-11
PROGRESS chromium 430 game-report-12
PROGRESS chromium 430 game-report-13
PROGRESS chromium 430 game-report-14
PROGRESS chromium 430 game-report-15
PROGRESS chromium 430 native-input-200
PROGRESS chromium 430 game-report-16
PROGRESS chromium 430 game-report-17
PROGRESS chromium 430 game-report-18
PROGRESS chromium 430 game-report-19
PROGRESS chromium 430 game-report-20
PROGRESS chromium 430 native-input-225
PROGRESS chromium 430 schedule-event-1
PROGRESS chromium 430 schedule-event-2
PROGRESS chromium 430 schedule-event-3
PROGRESS chromium 430 schedule-event-4
PROGRESS chromium 430 schedule-event-5
PROGRESS chromium 430 schedule-event-6
PROGRESS chromium 430 native-input-250
PROGRESS chromium 430 schedule-event-7
PROGRESS chromium 430 schedule-event-8
PROGRESS chromium 430 schedule-event-9
PROGRESS chromium 430 schedule-event-10
PROGRESS chromium 430 schedule-event-11
PROGRESS chromium 430 schedule-event-12
PROGRESS chromium 430 schedule-event-13
PROGRESS chromium 430 schedule-event-14
PROGRESS chromium 430 schedule-event-15
PROGRESS chromium 430 native-input-275
PROGRESS chromium 430 schedule-event-16
PROGRESS chromium 430 schedule-event-17
PROGRESS chromium 430 player-disclosures-10
PROGRESS chromium 430 player-disclosures-20
PROGRESS chromium 430 player-disclosures-30
PROGRESS chromium 430 player-disclosures-40
PROGRESS chromium 430 player-disclosures-50
PROGRESS chromium 430 player-disclosures-60
PROGRESS chromium 430 player-disclosures-70
PROGRESS chromium 430 player-disclosures-80
PROGRESS chromium 430 player-disclosures-83
PROGRESS chromium 430 native-input-300
PROGRESS chromium 430 all-interactions-completed
PROGRESS chromium 430 controls-complete
CHECK controls passed chromium 430
CHECK motion chromium 430
CHECK motion passed chromium 430
PASSED chromium 430x896
CHECK controls chromium 768
PROGRESS chromium 768 filter-case-1
PROGRESS chromium 768 filter-case-2
PROGRESS chromium 768 filter-case-3
PROGRESS chromium 768 filter-case-4
PROGRESS chromium 768 native-input-25
PROGRESS chromium 768 filter-case-5
PROGRESS chromium 768 filter-case-6
PROGRESS chromium 768 filter-case-7
PROGRESS chromium 768 filter-case-8
PROGRESS chromium 768 filter-case-9
PROGRESS chromium 768 native-input-50
PROGRESS chromium 768 filter-case-10
PROGRESS chromium 768 filter-case-11
PROGRESS chromium 768 filter-case-12
PROGRESS chromium 768 filter-case-13
PROGRESS chromium 768 filter-case-14
PROGRESS chromium 768 native-input-75
PROGRESS chromium 768 filter-case-15
PROGRESS chromium 768 filter-case-16
PROGRESS chromium 768 filter-case-17
PROGRESS chromium 768 filter-case-18
PROGRESS chromium 768 filter-case-19
PROGRESS chromium 768 native-input-100
PROGRESS chromium 768 filter-case-20
PROGRESS chromium 768 filter-case-21
PROGRESS chromium 768 filter-case-22
PROGRESS chromium 768 filter-case-23
PROGRESS chromium 768 filter-case-24
PROGRESS chromium 768 native-input-125
PROGRESS chromium 768 game-report-1
PROGRESS chromium 768 game-report-2
PROGRESS chromium 768 game-report-3
PROGRESS chromium 768 game-report-4
PROGRESS chromium 768 game-report-5
PROGRESS chromium 768 native-input-150
PROGRESS chromium 768 game-report-6
PROGRESS chromium 768 game-report-7
PROGRESS chromium 768 game-report-8
PROGRESS chromium 768 game-report-9
PROGRESS chromium 768 game-report-10
PROGRESS chromium 768 native-input-175
PROGRESS chromium 768 game-report-11
PROGRESS chromium 768 game-report-12
PROGRESS chromium 768 game-report-13
PROGRESS chromium 768 game-report-14
PROGRESS chromium 768 game-report-15
PROGRESS chromium 768 native-input-200
PROGRESS chromium 768 game-report-16
PROGRESS chromium 768 game-report-17
PROGRESS chromium 768 game-report-18
PROGRESS chromium 768 game-report-19
PROGRESS chromium 768 game-report-20
PROGRESS chromium 768 native-input-225
PROGRESS chromium 768 schedule-event-1
PROGRESS chromium 768 schedule-event-2
PROGRESS chromium 768 schedule-event-3
PROGRESS chromium 768 schedule-event-4
PROGRESS chromium 768 schedule-event-5
PROGRESS chromium 768 schedule-event-6
PROGRESS chromium 768 native-input-250
PROGRESS chromium 768 schedule-event-7
PROGRESS chromium 768 schedule-event-8
PROGRESS chromium 768 schedule-event-9
PROGRESS chromium 768 schedule-event-10
PROGRESS chromium 768 schedule-event-11
PROGRESS chromium 768 schedule-event-12
PROGRESS chromium 768 schedule-event-13
PROGRESS chromium 768 schedule-event-14
PROGRESS chromium 768 schedule-event-15
PROGRESS chromium 768 native-input-275
PROGRESS chromium 768 schedule-event-16
PROGRESS chromium 768 schedule-event-17
PROGRESS chromium 768 player-disclosures-10
PROGRESS chromium 768 player-disclosures-20
PROGRESS chromium 768 player-disclosures-30
PROGRESS chromium 768 player-disclosures-40
PROGRESS chromium 768 player-disclosures-50
PROGRESS chromium 768 player-disclosures-60
PROGRESS chromium 768 player-disclosures-70
PROGRESS chromium 768 player-disclosures-80
PROGRESS chromium 768 player-disclosures-83
PROGRESS chromium 768 native-input-300
PROGRESS chromium 768 all-interactions-completed
PROGRESS chromium 768 controls-complete
CHECK controls passed chromium 768
PASSED chromium 768x1024
CHECK controls chromium 1440
PROGRESS chromium 1440 filter-case-1
PROGRESS chromium 1440 filter-case-2
PROGRESS chromium 1440 filter-case-3
PROGRESS chromium 1440 filter-case-4
PROGRESS chromium 1440 native-input-25
PROGRESS chromium 1440 filter-case-5
PROGRESS chromium 1440 filter-case-6
PROGRESS chromium 1440 filter-case-7
PROGRESS chromium 1440 filter-case-8
PROGRESS chromium 1440 filter-case-9
PROGRESS chromium 1440 native-input-50
PROGRESS chromium 1440 filter-case-10
PROGRESS chromium 1440 filter-case-11
PROGRESS chromium 1440 filter-case-12
PROGRESS chromium 1440 filter-case-13
PROGRESS chromium 1440 filter-case-14
PROGRESS chromium 1440 native-input-75
PROGRESS chromium 1440 filter-case-15
PROGRESS chromium 1440 filter-case-16
PROGRESS chromium 1440 filter-case-17
PROGRESS chromium 1440 filter-case-18
PROGRESS chromium 1440 filter-case-19
PROGRESS chromium 1440 native-input-100
PROGRESS chromium 1440 filter-case-20
PROGRESS chromium 1440 filter-case-21
PROGRESS chromium 1440 filter-case-22
PROGRESS chromium 1440 filter-case-23
PROGRESS chromium 1440 filter-case-24
PROGRESS chromium 1440 native-input-125
PROGRESS chromium 1440 game-report-1
PROGRESS chromium 1440 game-report-2
PROGRESS chromium 1440 game-report-3
PROGRESS chromium 1440 game-report-4
PROGRESS chromium 1440 game-report-5
PROGRESS chromium 1440 native-input-150
PROGRESS chromium 1440 game-report-6
PROGRESS chromium 1440 game-report-7
PROGRESS chromium 1440 game-report-8
PROGRESS chromium 1440 game-report-9
PROGRESS chromium 1440 game-report-10
PROGRESS chromium 1440 native-input-175
PROGRESS chromium 1440 game-report-11
PROGRESS chromium 1440 game-report-12
PROGRESS chromium 1440 game-report-13
PROGRESS chromium 1440 game-report-14
PROGRESS chromium 1440 game-report-15
PROGRESS chromium 1440 native-input-200
PROGRESS chromium 1440 game-report-16
PROGRESS chromium 1440 game-report-17
PROGRESS chromium 1440 game-report-18
PROGRESS chromium 1440 game-report-19
PROGRESS chromium 1440 game-report-20
PROGRESS chromium 1440 native-input-225
PROGRESS chromium 1440 schedule-event-1
PROGRESS chromium 1440 schedule-event-2
PROGRESS chromium 1440 schedule-event-3
PROGRESS chromium 1440 schedule-event-4
PROGRESS chromium 1440 schedule-event-5
PROGRESS chromium 1440 schedule-event-6
PROGRESS chromium 1440 native-input-250
PROGRESS chromium 1440 schedule-event-7
PROGRESS chromium 1440 schedule-event-8
PROGRESS chromium 1440 schedule-event-9
PROGRESS chromium 1440 schedule-event-10
PROGRESS chromium 1440 schedule-event-11
PROGRESS chromium 1440 schedule-event-12
PROGRESS chromium 1440 schedule-event-13
PROGRESS chromium 1440 schedule-event-14
PROGRESS chromium 1440 schedule-event-15
PROGRESS chromium 1440 native-input-275
PROGRESS chromium 1440 schedule-event-16
PROGRESS chromium 1440 schedule-event-17
PROGRESS chromium 1440 player-disclosures-10
PROGRESS chromium 1440 player-disclosures-20
PROGRESS chromium 1440 player-disclosures-30
PROGRESS chromium 1440 player-disclosures-40
PROGRESS chromium 1440 player-disclosures-50
PROGRESS chromium 1440 player-disclosures-60
PROGRESS chromium 1440 player-disclosures-70
PROGRESS chromium 1440 player-disclosures-80
PROGRESS chromium 1440 player-disclosures-83
PROGRESS chromium 1440 native-input-300
PROGRESS chromium 1440 all-interactions-completed
PROGRESS chromium 1440 controls-complete
CHECK controls passed chromium 1440
PASSED chromium 1440x1000
Evidence /workspace/project-dollers/qa/team-details/local-chromium-final-v3/results.json
