CHECK controls webkit 393
PROGRESS webkit 393 filter-case-1
PROGRESS webkit 393 filter-case-2
PROGRESS webkit 393 filter-case-3
PROGRESS webkit 393 filter-case-4
PROGRESS webkit 393 native-input-25
PROGRESS webkit 393 filter-case-5
PROGRESS webkit 393 filter-case-6
PROGRESS webkit 393 filter-case-7
PROGRESS webkit 393 filter-case-8
PROGRESS webkit 393 filter-case-9
PROGRESS webkit 393 native-input-50
PROGRESS webkit 393 filter-case-10
PROGRESS webkit 393 filter-case-11
PROGRESS webkit 393 filter-case-12
PROGRESS webkit 393 filter-case-13
PROGRESS webkit 393 filter-case-14
PROGRESS webkit 393 native-input-75
PROGRESS webkit 393 filter-case-15
PROGRESS webkit 393 filter-case-16
PROGRESS webkit 393 filter-case-17
PROGRESS webkit 393 filter-case-18
PROGRESS webkit 393 filter-case-19
PROGRESS webkit 393 native-input-100
PROGRESS webkit 393 filter-case-20
PROGRESS webkit 393 filter-case-21
PROGRESS webkit 393 filter-case-22
PROGRESS webkit 393 filter-case-23
PROGRESS webkit 393 filter-case-24
PROGRESS webkit 393 native-input-125
PROGRESS webkit 393 game-report-1
PROGRESS webkit 393 game-report-2
PROGRESS webkit 393 game-report-3
PROGRESS webkit 393 game-report-4
PROGRESS webkit 393 game-report-5
PROGRESS webkit 393 native-input-150
PROGRESS webkit 393 game-report-6
PROGRESS webkit 393 game-report-7
PROGRESS webkit 393 game-report-8
PROGRESS webkit 393 game-report-9
PROGRESS webkit 393 game-report-10
PROGRESS webkit 393 native-input-175
PROGRESS webkit 393 game-report-11
PROGRESS webkit 393 game-report-12
PROGRESS webkit 393 game-report-13
PROGRESS webkit 393 game-report-14
PROGRESS webkit 393 game-report-15
PROGRESS webkit 393 native-input-200
PROGRESS webkit 393 game-report-16
PROGRESS webkit 393 game-report-17
PROGRESS webkit 393 game-report-18
PROGRESS webkit 393 game-report-19
PROGRESS webkit 393 game-report-20
PROGRESS webkit 393 native-input-225
PROGRESS webkit 393 schedule-event-1
PROGRESS webkit 393 schedule-event-2
PROGRESS webkit 393 schedule-event-3
PROGRESS webkit 393 schedule-event-4
PROGRESS webkit 393 schedule-event-5
PROGRESS webkit 393 schedule-event-6
PROGRESS webkit 393 native-input-250
PROGRESS webkit 393 schedule-event-7
PROGRESS webkit 393 schedule-event-8
PROGRESS webkit 393 schedule-event-9
PROGRESS webkit 393 schedule-event-10
PROGRESS webkit 393 schedule-event-11
PROGRESS webkit 393 schedule-event-12
PROGRESS webkit 393 schedule-event-13
PROGRESS webkit 393 schedule-event-14
PROGRESS webkit 393 schedule-event-15
PROGRESS webkit 393 native-input-275
PROGRESS webkit 393 schedule-event-16
PROGRESS webkit 393 schedule-event-17
PROGRESS webkit 393 player-disclosures-10
PROGRESS webkit 393 player-disclosures-20
PROGRESS webkit 393 player-disclosures-30
PROGRESS webkit 393 player-disclosures-40
PROGRESS webkit 393 player-disclosures-50
PROGRESS webkit 393 player-disclosures-60
PROGRESS webkit 393 player-disclosures-70
PROGRESS webkit 393 player-disclosures-80
PROGRESS webkit 393 player-disclosures-83
PROGRESS webkit 393 native-input-300
PROGRESS webkit 393 all-interactions-completed
PROGRESS webkit 393 controls-complete
CHECK controls passed webkit 393
CHECK motion webkit 393
CHECK motion passed webkit 393
CHECK all-team routes webkit
CHECK all-team routes passed webkit
PASSED webkit 393x852
CHECK controls webkit 430
PROGRESS webkit 430 filter-case-1
PROGRESS webkit 430 filter-case-2
PROGRESS webkit 430 filter-case-3
PROGRESS webkit 430 filter-case-4
PROGRESS webkit 430 native-input-25
PROGRESS webkit 430 filter-case-5
PROGRESS webkit 430 filter-case-6
PROGRESS webkit 430 filter-case-7
PROGRESS webkit 430 filter-case-8
PROGRESS webkit 430 filter-case-9
PROGRESS webkit 430 native-input-50
PROGRESS webkit 430 filter-case-10
PROGRESS webkit 430 filter-case-11
PROGRESS webkit 430 filter-case-12
PROGRESS webkit 430 filter-case-13
PROGRESS webkit 430 filter-case-14
PROGRESS webkit 430 native-input-75
PROGRESS webkit 430 filter-case-15
PROGRESS webkit 430 filter-case-16
PROGRESS webkit 430 filter-case-17
PROGRESS webkit 430 filter-case-18
PROGRESS webkit 430 filter-case-19
PROGRESS webkit 430 native-input-100
PROGRESS webkit 430 filter-case-20
PROGRESS webkit 430 filter-case-21
PROGRESS webkit 430 filter-case-22
PROGRESS webkit 430 filter-case-23
PROGRESS webkit 430 filter-case-24
PROGRESS webkit 430 native-input-125
PROGRESS webkit 430 game-report-1
PROGRESS webkit 430 game-report-2
PROGRESS webkit 430 game-report-3
PROGRESS webkit 430 game-report-4
PROGRESS webkit 430 game-report-5
PROGRESS webkit 430 native-input-150
PROGRESS webkit 430 game-report-6
PROGRESS webkit 430 game-report-7
PROGRESS webkit 430 game-report-8
PROGRESS webkit 430 game-report-9
PROGRESS webkit 430 game-report-10
PROGRESS webkit 430 native-input-175
PROGRESS webkit 430 game-report-11
PROGRESS webkit 430 game-report-12
PROGRESS webkit 430 game-report-13
PROGRESS webkit 430 game-report-14
PROGRESS webkit 430 game-report-15
PROGRESS webkit 430 native-input-200
PROGRESS webkit 430 game-report-16
PROGRESS webkit 430 game-report-17
PROGRESS webkit 430 game-report-18
PROGRESS webkit 430 game-report-19
PROGRESS webkit 430 game-report-20
PROGRESS webkit 430 native-input-225
PROGRESS webkit 430 schedule-event-1
PROGRESS webkit 430 schedule-event-2
PROGRESS webkit 430 schedule-event-3
PROGRESS webkit 430 schedule-event-4
PROGRESS webkit 430 schedule-event-5
PROGRESS webkit 430 schedule-event-6
PROGRESS webkit 430 native-input-250
PROGRESS webkit 430 schedule-event-7
PROGRESS webkit 430 schedule-event-8
PROGRESS webkit 430 schedule-event-9
PROGRESS webkit 430 schedule-event-10
PROGRESS webkit 430 schedule-event-11
PROGRESS webkit 430 schedule-event-12
PROGRESS webkit 430 schedule-event-13
PROGRESS webkit 430 schedule-event-14
PROGRESS webkit 430 schedule-event-15
PROGRESS webkit 430 native-input-275
PROGRESS webkit 430 schedule-event-16
PROGRESS webkit 430 schedule-event-17
PROGRESS webkit 430 player-disclosures-10
PROGRESS webkit 430 player-disclosures-20
PROGRESS webkit 430 player-disclosures-30
PROGRESS webkit 430 player-disclosures-40
PROGRESS webkit 430 player-disclosures-50
PROGRESS webkit 430 player-disclosures-60
PROGRESS webkit 430 player-disclosures-70
PROGRESS webkit 430 player-disclosures-80
PROGRESS webkit 430 player-disclosures-83
PROGRESS webkit 430 native-input-300
PROGRESS webkit 430 all-interactions-completed
PROGRESS webkit 430 controls-complete
CHECK controls passed webkit 430
CHECK motion webkit 430
CHECK motion passed webkit 430
PASSED webkit 430x896
Evidence /workspace/project-dollers/qa/team-details/local-webkit-final-v3/results.json
