PROGRESS chromium 393 home-captured
PROGRESS chromium 393 original-normal-and-full-content-captures-complete
PROGRESS chromium 393 all-three-tab-original-captures-complete
PROGRESS chromium 393 controls-initial-source-values
FAILED chromium 393x852 Visible matchup headings, table text and values are not clipped
+ actual - expected

+ [
+   {
+     client: 51,
+     scroll: 53,
+     text: 'E. Demercado'
+   }
+ ]
- []

PROGRESS chromium 430 home-captured
PROGRESS chromium 430 original-normal-and-full-content-captures-complete
PROGRESS chromium 430 all-three-tab-original-captures-complete
PROGRESS chromium 430 controls-initial-source-values
FAILED chromium 430x896 Visible matchup headings, table text and values are not clipped
+ actual - expected

+ [
+   {
+     client: 20,
+     scroll: 22,
+     text: '16.7'
+   },
+   {
+     client: 20,
+     scroll: 22,
+     text: '12.7'
+   },
+   {
+     client: 20,
+     scroll: 22,
+     text: '10.7'
+   }
+ ]
- []

PROGRESS chromium 768 home-captured
PROGRESS chromium 768 original-normal-and-full-content-captures-complete
PROGRESS chromium 768 all-three-tab-original-captures-complete
PROGRESS chromium 768 controls-initial-source-values
PROGRESS chromium 768 controls-input-20
PROGRESS chromium 768 controls-filters-window-3
FAILED chromium 768x1024 Visible matchup headings, table text and values are not clipped
+ actual - expected

+ [
+   {
+     client: 32,
+     scroll: 38,
+     text: '26.3 / 37.5'
+   }
+ ]
- []

PROGRESS chromium 1440 home-captured
PROGRESS chromium 1440 original-normal-and-full-content-captures-complete
PROGRESS chromium 1440 all-three-tab-original-captures-complete
PROGRESS chromium 1440 controls-initial-source-values
PROGRESS chromium 1440 controls-input-20
PROGRESS chromium 1440 controls-filters-window-3
FAILED chromium 1440x1000 Visible matchup headings, table text and values are not clipped
+ actual - expected

+ [
+   {
+     client: 32,
+     scroll: 38,
+     text: '26.3 / 37.5'
+   }
+ ]
- []

Immutable evidence /workspace/project-dollers/qa/matchup-breakdown/local-chromium-final-v1/results.json
