PROGRESS chromium 393 home-captured
PROGRESS chromium 393 original-normal-and-full-content-captures-complete
PROGRESS chromium 393 all-three-tab-original-captures-complete
PROGRESS chromium 393 controls-initial-source-values
PROGRESS chromium 393 controls-input-20
PROGRESS chromium 393 controls-filters-window-3
PROGRESS chromium 393 controls-input-40
PROGRESS chromium 393 controls-filters-window-5
PROGRESS chromium 393 controls-input-80
PROGRESS chromium 393 controls-filters-window-10
PROGRESS chromium 393 controls-input-100
PROGRESS chromium 393 controls-input-120
PROGRESS chromium 393 controls-input-140
PROGRESS chromium 393 controls-input-160
PROGRESS chromium 393 controls-input-180
PROGRESS chromium 393 controls-input-200
PROGRESS chromium 393 controls-input-220
PROGRESS chromium 393 controls-input-240
PROGRESS chromium 393 controls-input-260
PROGRESS chromium 393 controls-input-280
PROGRESS chromium 393 controls-input-300
PROGRESS chromium 393 controls-input-320
PROGRESS chromium 393 controls-input-340
PROGRESS chromium 393 controls-input-360
PROGRESS chromium 393 controls-input-380
PROGRESS chromium 393 controls-input-400
PROGRESS chromium 393 controls-input-420
PROGRESS chromium 393 controls-input-440
PROGRESS chromium 393 controls-input-460
PROGRESS chromium 393 controls-input-480
PROGRESS chromium 393 controls-input-500
PROGRESS chromium 393 controls-input-520
PROGRESS chromium 393 controls-input-540
PROGRESS chromium 393 controls-all-initial-leader-player-and-receiver-controls
PROGRESS chromium 393 controls-input-560
PROGRESS chromium 393 controls-all-quarterback-context-and-detail-controls
PROGRESS chromium 393 controls-input-580
PROGRESS chromium 393 controls-input-600
PROGRESS chromium 393 controls-input-620
PROGRESS chromium 393 controls-input-640
PROGRESS chromium 393 controls-input-660
PROGRESS chromium 393 controls-all-form-lineup-depth-schedule-report-controls
PROGRESS chromium 393 controls-actual-manual-http-refresh-and-unchanged-state
PROGRESS chromium 393 controls-input-680
PROGRESS chromium 393 all-native-controls-complete
PROGRESS chromium 393 isolated-update-recovery-complete
PROGRESS chromium 393 native-motion-complete
PROGRESS chromium 393 protected-shared-routes-complete
PROGRESS chromium 393 all-32-team-route-smoke-complete
PROGRESS chromium 393 scenario-complete
PASSED chromium 393x852
PROGRESS chromium 430 home-captured
PROGRESS chromium 430 original-normal-and-full-content-captures-complete
PROGRESS chromium 430 all-three-tab-original-captures-complete
PROGRESS chromium 430 controls-initial-source-values
PROGRESS chromium 430 controls-input-20
PROGRESS chromium 430 controls-filters-window-3
PROGRESS chromium 430 controls-input-40
PROGRESS chromium 430 controls-filters-window-5
PROGRESS chromium 430 controls-input-80
PROGRESS chromium 430 controls-filters-window-10
PROGRESS chromium 430 controls-input-100
PROGRESS chromium 430 controls-input-120
PROGRESS chromium 430 controls-input-140
PROGRESS chromium 430 controls-input-160
PROGRESS chromium 430 controls-input-180
PROGRESS chromium 430 controls-input-200
PROGRESS chromium 430 controls-input-220
PROGRESS chromium 430 controls-input-240
PROGRESS chromium 430 controls-input-260
PROGRESS chromium 430 controls-input-280
PROGRESS chromium 430 controls-input-300
PROGRESS chromium 430 controls-input-320
PROGRESS chromium 430 controls-input-340
PROGRESS chromium 430 controls-input-360
PROGRESS chromium 430 controls-input-380
PROGRESS chromium 430 controls-input-400
PROGRESS chromium 430 controls-input-420
PROGRESS chromium 430 controls-input-440
PROGRESS chromium 430 controls-input-460
PROGRESS chromium 430 controls-input-480
PROGRESS chromium 430 controls-input-500
PROGRESS chromium 430 controls-input-520
PROGRESS chromium 430 controls-input-540
PROGRESS chromium 430 controls-all-initial-leader-player-and-receiver-controls
PROGRESS chromium 430 controls-input-560
PROGRESS chromium 430 controls-all-quarterback-context-and-detail-controls
PROGRESS chromium 430 controls-input-580
PROGRESS chromium 430 controls-input-600
PROGRESS chromium 430 controls-input-620
PROGRESS chromium 430 controls-input-640
PROGRESS chromium 430 controls-input-660
PROGRESS chromium 430 controls-all-form-lineup-depth-schedule-report-controls
PROGRESS chromium 430 controls-actual-manual-http-refresh-and-unchanged-state
PROGRESS chromium 430 controls-input-680
PROGRESS chromium 430 all-native-controls-complete
PROGRESS chromium 430 isolated-update-recovery-complete
PROGRESS chromium 430 native-motion-complete
PROGRESS chromium 430 protected-shared-routes-complete
PROGRESS chromium 430 scenario-complete
PASSED chromium 430x896
PROGRESS chromium 768 home-captured
PROGRESS chromium 768 original-normal-and-full-content-captures-complete
PROGRESS chromium 768 all-three-tab-original-captures-complete
PROGRESS chromium 768 controls-initial-source-values
PROGRESS chromium 768 controls-input-20
PROGRESS chromium 768 controls-filters-window-3
PROGRESS chromium 768 controls-input-40
PROGRESS chromium 768 controls-filters-window-5
PROGRESS chromium 768 controls-input-80
PROGRESS chromium 768 controls-filters-window-10
PROGRESS chromium 768 controls-input-100
PROGRESS chromium 768 controls-input-120
PROGRESS chromium 768 controls-input-140
PROGRESS chromium 768 controls-input-160
PROGRESS chromium 768 controls-input-180
PROGRESS chromium 768 controls-input-200
PROGRESS chromium 768 controls-input-220
PROGRESS chromium 768 controls-input-240
PROGRESS chromium 768 controls-input-260
PROGRESS chromium 768 controls-input-280
PROGRESS chromium 768 controls-input-300
PROGRESS chromium 768 controls-input-320
PROGRESS chromium 768 controls-input-340
PROGRESS chromium 768 controls-input-360
PROGRESS chromium 768 controls-input-380
PROGRESS chromium 768 controls-input-400
PROGRESS chromium 768 controls-input-420
PROGRESS chromium 768 controls-input-440
PROGRESS chromium 768 controls-input-460
PROGRESS chromium 768 controls-input-480
Immutable evidence /workspace/project-dollers/qa/matchup-breakdown/local-chromium-final-v5/results.json
