test_audit_archives_reproduce_source_response_hashes (__main__.MatchupDataChecks.test_audit_archives_reproduce_source_response_hashes) ... ok
test_changed_quote_or_mismatched_event_cannot_establish_role (__main__.MatchupDataChecks.test_changed_quote_or_mismatched_event_cannot_establish_role) ... ok
test_direct_role_contradictions_null_both_candidates (__main__.MatchupDataChecks.test_direct_role_contradictions_null_both_candidates) ... ok
test_incorrect_evolving_final_score_refused (__main__.MatchupDataChecks.test_incorrect_evolving_final_score_refused) ... ok
test_jalon_relief_game_is_not_a_start (__main__.MatchupDataChecks.test_jalon_relief_game_is_not_a_start) ... ok
test_linked_snapshot_checksums_and_all_clubs (__main__.MatchupDataChecks.test_linked_snapshot_checksums_and_all_clubs) ... ok
test_missing_passing_cell_does_not_become_zero_or_rating (__main__.MatchupDataChecks.test_missing_passing_cell_does_not_become_zero_or_rating) ... ok
test_missing_statistics_do_not_substitute_older_qb_start (__main__.MatchupDataChecks.test_missing_statistics_do_not_substitute_older_qb_start) ... ok
test_missing_used_pbp_field_refused (__main__.MatchupDataChecks.test_missing_used_pbp_field_refused) ... ok
test_one_snap_first_play_role_keeps_null_statistics (__main__.MatchupDataChecks.test_one_snap_first_play_role_keeps_null_statistics) ... ok
test_opponent_starts_include_actual_prior_seasons_and_no_padding (__main__.MatchupDataChecks.test_opponent_starts_include_actual_prior_seasons_and_no_padding) ... ok
test_optional_unverified_cache_explicit_unavailable (__main__.MatchupDataChecks.test_optional_unverified_cache_explicit_unavailable) ... ok
test_position_changed_receiver_keeps_known_zero_offensive_snaps (__main__.MatchupDataChecks.test_position_changed_receiver_keeps_known_zero_offensive_snaps) ... ok
test_projection_is_inferred_and_reported_out_is_not_confirmed_inactive (__main__.MatchupDataChecks.test_projection_is_inferred_and_reported_out_is_not_confirmed_inactive) ... ok
test_real_target_disagreement_nulls_only_affected_cell_and_rate (__main__.MatchupDataChecks.test_real_target_disagreement_nulls_only_affected_cell_and_rate) ... ok
test_required_unverified_cache_refused (__main__.MatchupDataChecks.test_required_unverified_cache_refused) ... ok
test_scramble_rusher_id_is_in_dropback_denominator (__main__.MatchupDataChecks.test_scramble_rusher_id_is_in_dropback_denominator) ... ok
test_tracking_is_not_fabricated_or_hits_mislabelled_pressure (__main__.MatchupDataChecks.test_tracking_is_not_fabricated_or_hits_mislabelled_pressure) ... ok
test_truncated_pbp_with_static_final_scores_cannot_certify_zeroes (__main__.MatchupDataChecks.test_truncated_pbp_with_static_final_scores_cannot_certify_zeroes) ... ok
test_uncorroborated_role_is_not_confirmed_or_padded (__main__.MatchupDataChecks.test_uncorroborated_role_is_not_confirmed_or_padded) ... ok

----------------------------------------------------------------------
Ran 20 tests in 1.336s

OK
